note: 19 audit instrument(s) (check_phase*) are not gate checks -- run them on demand
[  ok] compileall  (10.2s)
[  ok] check_app_modules  (0.1s)
[  ok] check_app_manifest  (0.1s)
[  ok] check_a1_filenames  (0.9s)
[  ok] check_auth_reliability  (0.3s)
[  ok] check_a2_compare_filter  (1.5s)
[  ok] check_arcgis_report  (2.0s)
[  ok] check_b2_autoconsolidate  (1.2s)
[  ok] check_b1_pause  (1.7s)
[  ok] check_b3_batch  (1.5s)
[  ok] check_build_env  (0.1s)
[  ok] check_ci_manifest  (0.1s)
[  ok] check_artifact_store  (3.8s)
[  ok] check_batch_outcome  (1.6s)
[  ok] check_coalesce_editions  (1.0s)
[  ok] check_classic_comparison_outcome  (1.9s)
[  ok] check_compare_blankkey  (0.7s)
[  ok] check_baseline_matrix  (3.9s)
[  ok] check_compare_build_freshness  (0.6s)
[  ok] check_compare_audit  (1.6s)
[  ok] check_compare_cancellation  (0.5s)
[  ok] check_compare_coercion  (0.6s)
[  ok] check_compare_ditto  (0.5s)
[  ok] check_compare_consolidated_layout  (0.9s)
[  ok] check_compare_dupmatch  (0.8s)
[  ok] check_compare_env_flat_schema  (1.3s)
[  ok] check_compare_env_field_labels  (1.8s)
[  ok] check_compare_env_highway_log  (1.9s)
[  ok] check_compare_env_highway_log_pdf  (1.5s)
[  ok] check_compare_env_intersection  (2.6s)
[  ok] check_clean_road  (8.0s)
[  ok] check_compare_env_route_universe  (1.6s)
[  ok] check_compare_env_sidelabel  (1.3s)
[  ok] check_compare_highway_detail_tsn  (1.8s)
[  ok] check_compare_highway_sequence  (1.2s)
[  ok] check_compare_equality_policy  (3.8s)
[  ok] check_compare_highway_log  (3.1s)
[  ok] check_compare_highway_summary_tsn  (0.9s)
[  ok] check_compare_highway_sequence_tsn  (1.5s)
[  ok] check_compare_injection  (1.0s)
[  ok] check_compare_input_outcomes  (1.3s)
[  ok] check_compare_intersection_detail_tsn  (2.4s)
[  ok] check_compare_highway_sequence_equate  (5.5s)
[  ok] check_compare_keyfield  (0.9s)
[  ok] check_compare_intersection_summary_tsn  (3.1s)
[  ok] check_compare_limits  (0.8s)
[  ok] check_compare_physical_identity  (1.2s)
[  ok] check_compare_pairing_policy  (2.6s)
[  ok] check_compare_ramp_detail  (2.8s)
[  ok] check_compare_ramp_detail_pdf  (2.0s)
[  ok] check_compare_ramp_detail_tsn  (1.8s)
[  ok] check_compare_ramp_summary  (1.3s)
[  ok] check_compare_representation_class  (1.3s)
[  ok] check_compare_ramp_summary_tsn  (2.6s)
[  ok] check_compare_skipwarn  (0.9s)
[  ok] check_compare_source_files  (0.7s)
[  ok] check_compare_style_cache  (1.2s)
[  ok] check_compare_tsn_common  (1.1s)
[  ok] check_comparison_contract  (0.2s)
[  ok] check_compare_same_source  (4.6s)
[  ok] check_comparison_outcome  (1.4s)
[  ok] check_comparison_artifact_schema  (1.9s)
[  ok] check_compare_env_pdf_completion  (20.9s)
[  ok] check_comparison_payload_resources  (0.6s)
[  ok] check_comparison_path_limits  (1.0s)
[  ok] check_comparison_publication  (1.0s)
[  ok] check_comparison_preview  (1.5s)
[  ok] check_consolidate_intersection  (1.1s)
[  ok] check_consolidate_toctou  (3.0s)
[  ok] check_comparison_sidecars  (5.2s)
[  ok] check_consolidate_worker_publication  (0.6s)
[  ok] check_content_identity  (2.4s)
[  ok] check_day_matrix  (2.4s)
[  ok] check_edge_login  (0.7s)
[  ok] check_docs_capability  (1.0s)
[  ok] check_engine_layers  (0.3s)
[  ok] check_engine_leaves  (0.3s)
[  ok] check_evidence_excel_columns  (1.0s)
[  ok] check_evidence_bundle  (2.4s)
[  ok] check_evidence_literal_cells  (1.8s)
[  ok] check_evidence_oracle  (1.2s)
[  ok] check_consolidate_outcome  (12.9s)
[  ok] check_export_engine  (0.9s)
[  ok] check_evidence_source_role  (2.4s)
[  ok] check_export_stub_guard  (0.2s)
[  ok] check_export_lifecycle  (1.2s)
[  ok] check_export_summary_outcome  (1.2s)
[  ok] check_evidence_manifest  (5.7s)
[  ok] check_gui_api_surface  (1.2s)
[  ok] check_formulas_twin_guard  (1.4s)
[  ok] check_gui_endpoint  (0.1s)
[  ok] check_highway_detail_ditto  (0.6s)
[  ok] check_gui_bridge  (1.8s)
[  ok] check_highway_detail_pdf  (1.8s)
[  ok] check_highway_log_columns  (0.9s)
[  ok] check_highway_log_ditto  (0.7s)
[  ok] check_highway_summary_layout  (0.2s)
[  ok] check_highway_log_roadbed  (0.8s)
[  ok] check_import_direction  (0.9s)
[  ok] check_intersection_detail_pdf  (1.5s)
[  ok] check_intersection_gate  (1.3s)
[  ok] check_matrix  (1.8s)
[  ok] check_matrix_bridge  (3.1s)
[  ok] check_matrix_cache_adversarial  (1.2s)
[  ok] check_fake_site  (14.4s)
[  ok] check_matrix_presence_predicate  (1.3s)
[  ok] check_matrix_ownership  (2.7s)
[  ok] check_matrix_producer_version  (1.3s)
[  ok] check_last_complete  (10.3s)
[  ok] check_matrix_tsn  (1.4s)
[  ok] check_medwid_formula_prototype  (1.0s)
[  ok] check_newest_report_mtime  (1.1s)
[  ok] check_outcome_contract  (0.1s)
[  ok] check_output_state  (0.4s)
[  ok] check_oracle_grouping  (0.9s)
[  ok] check_p2_freshness  (1.5s)
[  ok] check_owned_dir  (2.0s)
[  ok] check_parallel_reconcile  (0.7s)
[  ok] check_pdf_excel_matrix  (1.2s)
[  ok] check_no_misspelling  (4.5s)
[  ok] check_pdf_route_universe  (1.2s)
[  ok] check_pdf_row_oracle  (0.1s)
[  ok] check_persistence  (0.3s)
[  ok] check_pdf_role_provenance  (3.1s)
[  ok] check_pdf_route_identity  (3.1s)
[  ok] check_pm_code_vocabulary  (1.7s)
[  ok] check_ramp_summary_partial  (1.0s)
[  ok] check_ramp_summary_schema  (0.8s)
[  ok] check_read_counts_layout  (1.3s)
[  ok] check_published_comparison  (3.2s)
[  ok] check_report_library  (0.2s)
[  ok] check_report_catalog  (1.2s)
[  ok] check_report_wiring  (1.0s)
[  ok] check_report_recipe  (1.4s)
[  ok] check_reset_safety  (1.2s)
[  ok] check_route_file_naming  (1.2s)
[  ok] check_site_capture  (1.2s)
[  ok] check_silent_swallows  (1.3s)
[  ok] check_tsmis_pdf_parse  (1.1s)
[  ok] check_stable_ids  (1.3s)
[  ok] check_tsmis_pdf_reconcile  (1.6s)
[  ok] check_tsn_description_leak  (0.9s)
[  ok] check_tsn_district_source_contract  (2.0s)
[  ok] check_tsn_canonical_consumer_identity  (5.3s)
[  ok] check_tsn_freshness  (1.4s)
[  ok] check_tsn_highway_log_isolation  (1.2s)
[  ok] check_tsn_highway_summary_masked  (1.0s)
[  ok] check_tsn_highway_log_claims  (2.8s)
[  ok] check_tsn_normalization_marker  (1.3s)
[  ok] check_tsn_normalizer  (1.4s)
[  ok] check_tsn_outcome  (2.0s)
[  ok] check_comparison_sidecar_scale  (60.4s)
[  ok] check_type_scale  (0.1s)
[  ok] check_tsn_status_coherence  (2.0s)
[  ok] check_tsn_raw_source_contract  (3.7s)
[  ok] check_ui_contract  (1.2s)
[  ok] check_source_zip_smoke  (16.2s)
[  ok] check_validation  (1.5s)
[  ok] check_worker_lifecycle  (1.7s)
[  ok] check_compare_cancel_visibility  (0.1s)
[  ok] check_compare_dirs_race  (0.2s)
[  ok] check_compare_input_recipe_binding  (0.1s)
[  ok] check_compare_overwrite_consent  (0.1s)
[  ok] check_compare_routing  (0.1s)
[  ok] check_mock_event_order  (0.1s)
[  ok] check_mx_partial_render  (0.1s)
[  ok] check_state_paint_coalescing  (0.1s)
[  ok] check_ui_boot  (0.1s)
[  ok] check_updater  (5.4s)
[  ok] check_visual_evidence  (5.3s)
[  ok] check_workbook_presentation  (19.3s)

171 passed, 0 failed of 171 (123s)
